invictus@invictus:~/Downloads/Linux/module2$ cat qn3.sh 
grep "ERROR" logfile.log | grep -v "DEBUG" > ans.txt
invictus@invictus:~/Downloads/Linux/module2$ chmod +x qn3.sh 
invictus@invictus:~/Downloads/Linux/module2$ cat logfile.log 
DEBUG: Starting the application initialization.
ERROR: Unable to connect to the database.
INFO: User 'admin' logged in successfully.
DEBUG: Fetching configuration settings from the server.
ERROR: DEBUG - Configuration settings could not be applied.
INFO: Scheduled job 'backup' completed successfully.
DEBUG: Connection to server timed out. Retrying...
ERROR: Failed to fetch data from API endpoint '/users'.
INFO: Maintenance mode activated.
ERROR: DEBUG - Query execution failed due to a syntax error.
DEBUG: Reloading application modules.
ERROR: Missing required parameter in the request.
INFO: Shutting down the system gracefully.
DEBUG: Closing unused network connections.
ERROR: DEBUG - Unexpected server response received
nvictus@invictus:~/Downloads/Linux/module2$ ./qn3.sh 
invictus@invictus:~/Downloads/Linux/module2$ cat ans.txt 
ERROR: Unable to connect to the database.
ERROR: Failed to fetch data from API endpoint '/users'.
ERROR: Missing required parameter in the request.

